  Identification des projets ├á restaurer...
  Tous les projets sont ├á jour pour la restauration.
  CarRental.Desktop -> c:\Users\HP\.gemini\antigravity\scratch\CarRentalSystem\BACK-OFFICE\CarRental.Desktop\bin\Debug\net10.0-windows\CarRental.Desktop.dll

La g├®n├®ration a r├®ussi.
    0 Avertissement(s)
    0 Erreur(s)

Temps ├®coul├® 00:00:01.15
